// Jest Snapshot v1, https://goo.gl/fbAQLP

exports[`ShareButtons component renders initially 1`] = `
<span
  className="kgs-share-links"
>
  <span
    className="kgs-share-links-panel"
  >
    <span
      className="kgs-copy-to-clipboard "
    >
      <button
        onClick={[Function]}
        role="link"
        title="Copy search link to clipboard"
      >
        <svg
          aria-hidden="true"
          className="svg-inline--fa fa-clipboard "
          data-icon="clipboard"
          data-prefix="fas"
          focusable="false"
          role="img"
          style={Object {}}
          viewBox="0 0 384 512"
          xmlns="http://www.w3.org/2000/svg"
        >
          <path
            d="M192 0c-41.8 0-77.4 26.7-90.5 64H48C21.5 64 0 85.5 0 112V464c0 26.5 21.5 48 48 48H336c26.5 0 48-21.5 48-48V112c0-26.5-21.5-48-48-48H282.5C269.4 26.7 233.8 0 192 0zm0 128c-17.7 0-32-14.3-32-32s14.3-32 32-32s32 14.3 32 32s-14.3 32-32 32zm-80 64H272c8.8 0 16 7.2 16 16s-7.2 16-16 16H112c-8.8 0-16-7.2-16-16s7.2-16 16-16z"
            fill="currentColor"
            style={Object {}}
          />
        </svg>
      </button>
      <div
        className="kgs-copy-confirmation"
      >
        search link copied to clipoard
      </div>
    </span>
    <a
      className="kgs-email-link "
      href="mailto:?subject=Knowledge Graph Search Request&body=Please have a look to the following Knowledge Graph search request https%3A//search.kg.ebrains.eu."
      title="Send search link by email"
    >
      <svg
        aria-hidden="true"
        className="svg-inline--fa fa-envelope "
        data-icon="envelope"
        data-prefix="fas"
        focusable="false"
        role="img"
        style={Object {}}
        viewBox="0 0 512 512"
        xmlns="http://www.w3.org/2000/svg"
      >
        <path
          d="M48 64C21.5 64 0 85.5 0 112c0 15.1 7.1 29.3 19.2 38.4L236.8 313.6c11.4 8.5 27 8.5 38.4 0L492.8 150.4c12.1-9.1 19.2-23.3 19.2-38.4c0-26.5-21.5-48-48-48H48zM0 176V384c0 35.3 28.7 64 64 64H448c35.3 0 64-28.7 64-64V176L294.4 339.2c-22.8 17.1-54 17.1-76.8 0L0 176z"
          fill="currentColor"
          style={Object {}}
        />
      </svg>
      <span />
    </a>
  </span>
</span>
`;
