// Jest Snapshot v1, https://goo.gl/fbAQLP

exports[`ErrorPanel component renders initially 1`] = `
<div
  className="kgs-error-container"
>
  <div
    className="kgs-error-panel"
  >
    <span
      className="kgs-error-message"
      dangerouslySetInnerHTML={
        Object {
          "__html": "<p>some message</p>",
        }
      }
    />
  </div>
</div>
`;
